C51 COMPILER V8.02   18B20                                                                 06/01/2011 21:59:53 PAGE 1   


C51 COMPILER V8.02, COMPILATION OF MODULE 18B20
OBJECT MODULE PLACED IN 18B20.OBJ
COMPILER INVOKED BY: C:\Keil\C51\BIN\C51.EXE 18B20.C BROWSE DEBUG OBJECTEXTEND

line level    source

   1          /*********************************************************************************/
   2          /*                                                                               */
   3          /*模块名：基于DS18B20的数字温度计                                                */                       
             -        
   4          /*                                                                               */
   5          /*创建人：廖文丹                                                                                                                                 */
   6          /*邮箱：fhwxaoo@163.com                                       MCU ： 8051        */
   7          /*                                                                               */
   8          /*功能描述：本模块采用DALLS公司的单线数字温度传感器DS18B20，抗干扰能力强，       */
   9          /*          便于远距离测量，因而得到了广泛应用。                                 */
  10          /*                                                                               */
  11          /*版本号：VETA                                             日期：06/06/15        */
  12          /*                                                                               */
  13          /*                                                                               */
  14          /*                                                       晶体：  11.0592 M       */
  15          /*                                                                               */
  16          /*********************************************************************************/
  17          #include <at89x51.h>
  18          
  19          sbit DQ =     P3 ^ 7;  //定义端口DQ
  20          sbit led1    =P2^0;
  21          sbit led2    =P2^1;
  22          sbit led3    =P2^2;
  23          sbit led4    =P2^3;
  24          unsigned char tx[10]={0,0,0x2E,0,0,0,0,0xDF,0x43,0x0A};
  25          unsigned code table[]={0xc0,0xf9,0xa4,0xb0,0x99,0x92,0x82,
  26                                  0xf8,0x80,0x90};
  27          /******************************************************************************/
  28          void Delay(int num)//延时函数
  29          {
  30   1              while(num--) ;
  31   1      }
  32          /******************************************************************************/
  33          void Delaynms(unsigned int di) //延时
  34          {
  35   1              unsigned int da,db;
  36   1              for(da=0;da<di;da++)
  37   1                      for(db=0;db<100;db++);
  38   1      }
  39          
  40          /******************************************************************************/
  41          
  42          void TX(unsigned char TX_char)
  43          {
  44   1        SBUF=TX_char;
  45   1        while(!TI);
  46   1        TI=0;
  47   1      
  48   1      }
  49          /******************************************************************************/        
  50          void Init_DS18B20(void)//初始化ds1820
  51          {
  52   1              unsigned char x=0;
  53   1              DQ = 1;    //DQ复位
  54   1              Delay(8);  //稍做延时
C51 COMPILER V8.02   18B20                                                                 06/01/2011 21:59:53 PAGE 2   

  55   1              DQ = 0;    //单片机将DQ拉低
  56   1              Delay(80); //精确延时 大于 480us
  57   1              DQ = 1;    //拉高总线
  58   1              Delay(14);
  59   1              x=DQ;      //稍做延时后 如果x=0则初始化成功 x=1则初始化失败
  60   1              Delay(20);
  61   1      }
  62          /******************************************************************************/
  63          unsigned char ReadOneChar(void)//读一个字节
  64          {
  65   1              unsigned char i=0;
  66   1              unsigned char dat = 0;
  67   1              for (i=8;i>0;i--)
  68   1              {
  69   2                      DQ = 0; // 给脉冲信号
  70   2                      dat>>=1;
  71   2                      DQ = 1; // 给脉冲信号
  72   2                      if(DQ)
  73   2                      dat|=0x80;
  74   2                      Delay(4);
  75   2              }
  76   1              return(dat);
  77   1      }
  78          
  79          /******************************************************************************/
  80          void WriteOneChar(unsigned char dat)//写一个字节
  81          {
  82   1              unsigned char i=0;
  83   1              for (i=8; i>0; i--)
  84   1              {
  85   2                      DQ = 0;
  86   2                      DQ = dat&0x01;
  87   2                      Delay(2);
  88   2                      DQ = 1;
  89   2                      dat>>=1;
  90   2              }
  91   1      }
  92          
  93          /******************************************************************************/
  94          void ReadTemperature(void)//读取温度
  95          {
  96   1              unsigned char a=0;
  97   1              unsigned char b=0;
  98   1              unsigned char Data_L=0;
  99   1              unsigned char num=0;
 100   1              Init_DS18B20();
 101   1              WriteOneChar(0xCC); // 跳过读序号列号的操作
 102   1              WriteOneChar(0x44); // 启动温度转换
 103   1              Init_DS18B20();
 104   1              WriteOneChar(0xCC); //跳过读序号列号的操作
 105   1              WriteOneChar(0xBE); //读取温度寄存器
 106   1      //      Delay(5000);
 107   1              a=ReadOneChar();  //读低8位
 108   1              b=ReadOneChar(); //读高8位
 109   1      
 110   1          tx[0] = (a/16+b*16)/10;      //整数部分
 111   1      
 112   1      
 113   1              tx[1] = (a/16+b*16)%10; 
 114   1      
 115   1          Data_L=a&0X0F;
 116   1           for(num=3;num<7;num++)              //小数部分
C51 COMPILER V8.02   18B20                                                                 06/01/2011 21:59:53 PAGE 3   

 117   1         {
 118   2            Data_L=Data_L*10;                          //10      //100                //40             //80
 119   2           tx[num]=Data_L/16;                  //0      //6                   //2                      //5
 120   2            Data_L=Data_L%16;                          //10      //4                  //8
 121   2              }
 122   1      
 123   1      }
 124          /******************************************************************************/
 125          void Int_232(void)      //232初始化
 126          {
 127   1        TMOD=0x20;
 128   1        SCON=0x50;
 129   1        TH1=0xFD;
 130   1        TL1=0xFD;
 131   1        TR1=1;
 132   1        TI=0;
 133   1      }
 134          
 135          void Display_SMG(void)
 136          {
 137   1         unsigned char a;
 138   1         for(a=0;a<=50;a++)
 139   1         {
 140   2         P0=table[tx[0]];
 141   2         P2_0 = 0;
 142   2         Delaynms(5);
 143   2         P2_0 = 1;
 144   2      
 145   2         P0=(table[tx[1]])&0x7f;
 146   2         P2_1 = 0;
 147   2         Delaynms(5);
 148   2         P2_1 = 1;
 149   2      
 150   2         P0=table[tx[3]];
 151   2         P2_2 = 0;
 152   2         Delaynms(5);
 153   2         P2_2 = 1;
 154   2      
 155   2          P0=table[tx[4]];
 156   2         P2_3 = 0;
 157   2         Delaynms(5);
 158   2         P2_3 = 1;
 159   2         }
 160   1      }
 161          
 162          /******************************************************************************/
 163          
 164          void main(void)
 165          {       
 166   1       
 167   1        Int_232();
 168   1      
 169   1      
 170   1      while(1)
 171   1      {  
 172   2      
 173   2              ReadTemperature();       //读取温度
 174   2      //      TX(tx[0]+0x30);
 175   2      //      TX(tx[1]+0x30);
 176   2      //      TX(tx[2]);                      //点
 177   2      //      TX(tx[3]+0x30);
 178   2      //      TX(tx[4]+0x30);
C51 COMPILER V8.02   18B20                                                                 06/01/2011 21:59:53 PAGE 4   

 179   2      //      TX(tx[5]+0x30);
 180   2      //      TX(tx[6]+0x30); TX(tx[7]);
 181   2      //      TX(tx[8]);
 182   2      //      TX(tx[9]);
 183   2              Display_SMG();
 184   2      
 185   2      //      Delaynms(2000);
 186   2      }       
 187   1      
 188   1      
 189   1      
 190   1      }


MODULE INFORMATION:   STATIC OVERLAYABLE
   CODE SIZE        =    378    ----
   CONSTANT SIZE    =     20    ----
   XDATA SIZE       =   ----    ----
   PDATA SIZE       =   ----    ----
   DATA SIZE        =     10    ----
   IDATA SIZE       =   ----    ----
   BIT SIZE         =   ----    ----
END OF MODULE INFORMATION.


C51 COMPILATION COMPLETE.  0 WARNING(S),  0 ERROR(S)
