ASxxxx Linker V02.00 + NoICE + sdld,  page 1.
Hexadecimal  [32-Bits]

Area                                    Addr        Size        Decimal Bytes (Attributes)
--------------------------------        ----        ----        ------- ----- ------------
CABS                                00000000    00000000 =           0. bytes (ABS,CON,CODE)

      Value  Global                              Global Defined In Module
      -----  --------------------------------   ------------------------
     0C:   00000000  l_CABS                          
     0C:   00000000  l_CONST                         
     0C:   00000000  l_GSINIT1                       
     0C:   00000000  l_GSINIT5                       
     0C:   00000000  l_IABS                          
     0C:   00000000  l_ISEG                          
     0C:   00000000  l_OSEG                          
     0C:   00000000  l_PSEG                          
     0C:   00000000  l_REG_BANK_2                    
     0C:   00000000  l_REG_BANK_3                    
     0C:   00000000  l_RSEG                          
     0C:   00000000  l_RSEG1                         
     0C:   00000000  l_XABS                          
     0C:   00000000  l_XINIT                         
     0C:   00000000  l_XISEG                         
     0C:   00000000  l_XSEG                          
     0C:   00000000  l__CODE                         
     0C:   00000000  s_BSEG                          
     0C:   00000000  s_CABS                          
     0C:   00000000  s_DSEG                          
     0C:   00000000  s_HOME                          
     0C:   00000000  s_IABS                          
     0C:   00000000  s_ISEG                          
     0C:   00000000  s_PSEG                          
     0C:   00000000  s_REG_BANK_0                    
     0C:   00000000  s_RSEG                          
     0C:   00000000  s_RSEG0                         
     0C:   00000000  s_RSEG1                         
     0C:   00000000  s_XABS                          
     0C:   00000000  s_XISEG                         
     0C:   00000000  s_XSEG                          
     0C:   00000001  l_BIT_BANK                      
     0C:   00000001  l_BSEG                          
     0C:   00000001  l_BSEG_BYTES                    
     0C:   00000003  l_GSFINAL                       
     0C:   00000003  l_GSINIT0                       
     0C:   00000005  l_RSEG0                         
     0C:   00000008  l_REG_BANK_0                    
     0C:   00000008  l_REG_BANK_1                    
     0C:   00000008  s_REG_BANK_1                    
     0C:   0000000A  l_GSINIT2                       
     0C:   00000010  s_REG_BANK_2                    
     0C:   00000018  s_REG_BANK_3                    
     0C:   00000020  s_BSEG_BYTES                    
     0C:   00000020  s__CODE                         
     0C:   00000021  s_BIT_BANK                      
     0C:   00000021  s_OSEG                          
     0C:   00000022  l_GSINIT3                       
     0C:   00000027  l_GSINIT                        
     0C:   0000002A  l_GSINIT4                       
ASxxxx Linker V02.00 + NoICE + sdld,  page 2.
Hexadecimal  [32-Bits]

Area                                    Addr        Size        Decimal Bytes (Attributes)
--------------------------------        ----        ----        ------- ----- ------------
CABS                                00000000    00000000 =           0. bytes (ABS,CON,CODE)

      Value  Global                              Global Defined In Module
      -----  --------------------------------   ------------------------
     0C:   0000002B  l_HOME                          
     0C:   0000002B  s_GSINIT0                       
     0C:   0000002E  s_GSINIT1                       
     0C:   0000002E  s_GSINIT2                       
     0C:   00000038  s_GSINIT3                       
     0C:   00000039  s_SSEG                          
     0C:   0000005A  s_GSINIT4                       
     0C:   00000070  l_DSEG                          
     0C:   00000084  s_GSINIT                        
     0C:   00000084  s_GSINIT5                       
     0C:   000000AB  s_GSFINAL                       
     0C:   000000AE  s_CSEG                          
     0C:   000000C7  l_SSEG                          
     0C:   00000100  l_IRAM                          
     0C:   00000257  l_CSEG                          
     0C:   00000305  s_CONST                         
     0C:   00000305  s_XINIT                         

ASxxxx Linker V02.00 + NoICE + sdld,  page 3.
Hexadecimal  [32-Bits]

Area                                    Addr        Size        Decimal Bytes (Attributes)
--------------------------------        ----        ----        ------- ----- ------------
RSEG0                               00000000    00000005 =           5. bytes (ABS,CON)

      Value  Global                              Global Defined In Module
      -----  --------------------------------   ------------------------
           00000000  _P0M0                              PWM
           00000001  _P0M1                              PWM
           00000002  _P1M0                              PWM
           00000003  _P1M1                              PWM
           00000004  _T2MOD                             PWM

ASxxxx Linker V02.00 + NoICE + sdld,  page 4.
Hexadecimal  [32-Bits]

Area                                    Addr        Size        Decimal Bytes (Attributes)
--------------------------------        ----        ----        ------- ----- ------------
.	.ABS.                             00000000    00000000 =           0. bytes (ABS,CON)

      Value  Global                              Global Defined In Module
      -----  --------------------------------   ------------------------
           00000000  .__.ABS.                           _startup
           00000080  _P0                                PWM
           00000080  _P0_0                              PWM
           00000081  _P0_1                              PWM
           00000081  _SP                                PWM
           00000082  _DPL                               PWM
           00000082  _P0_2                              PWM
           00000083  _DPH                               PWM
           00000083  _P0_3                              PWM
           00000084  _P0_4                              PWM
           00000085  _P0_5                              PWM
           00000086  _P0_6                              PWM
           00000087  _P0_7                              PWM
           00000087  _PCON                              PWM
           00000088  _IT0                               PWM
           00000088  _TCON                              PWM
           00000089  _IE0                               PWM
           00000089  _TMOD                              PWM
           0000008A  _IT1                               PWM
           0000008A  _TL0                               PWM
           0000008B  _IE1                               PWM
           0000008B  _TL1                               PWM
           0000008C  _TH0                               PWM
           0000008C  _TR0                               PWM
           0000008D  _TF0                               PWM
           0000008D  _TH1                               PWM
           0000008E  _TR1                               PWM
           0000008F  _TF1                               PWM
           00000090  _P1                                PWM
           00000090  _P1_0                              PWM
           00000091  _P1_1                              PWM
           00000092  _P1_2                              PWM
           00000093  _P1_3                              PWM
           00000094  _P1_4                              PWM
           00000095  _P1_5                              PWM
           00000096  _P1_6                              PWM
           00000097  _P1_7                              PWM
           00000098  _RI                                PWM
           00000098  _SCON                              PWM
           00000099  _SBUF                              PWM
           00000099  _TI                                PWM
           0000009A  _RB8                               PWM
           0000009B  _TB8                               PWM
           0000009C  _REN                               PWM
           0000009D  _SM2                               PWM
           0000009E  _SM1                               PWM
           0000009F  _SM0                               PWM
           000000A0  _P2                                PWM
           000000A0  _P2_0                              PWM
           000000A0  __XPAGE                            
ASxxxx Linker V02.00 + NoICE + sdld,  page 5.
Hexadecimal  [32-Bits]

Area                                    Addr        Size        Decimal Bytes (Attributes)
--------------------------------        ----        ----        ------- ----- ------------
.	.ABS.                             00000000    00000000 =           0. bytes (ABS,CON)

      Value  Global                              Global Defined In Module
      -----  --------------------------------   ------------------------
           000000A1  _P2_1                              PWM
           000000A2  _P2_2                              PWM
           000000A3  _P2_3                              PWM
           000000A4  _P2_4                              PWM
           000000A5  _P2_5                              PWM
           000000A6  _P2_6                              PWM
           000000A7  _P2_7                              PWM
           000000A8  _EX0                               PWM
           000000A8  _IE                                PWM
           000000A9  _ET0                               PWM
           000000AA  _EX1                               PWM
           000000AB  _ET1                               PWM
           000000AC  _ES                                PWM
           000000AF  _EA                                PWM
           000000B0  _P3                                PWM
           000000B0  _P3_0                              PWM
           000000B0  _RXD                               PWM
           000000B1  _P3_1                              PWM
           000000B1  _TXD                               PWM
           000000B2  _INT0                              PWM
           000000B2  _P3_2                              PWM
           000000B3  _INT1                              PWM
           000000B3  _P3_3                              PWM
           000000B4  _P3_4                              PWM
           000000B4  _T0                                PWM
           000000B5  _P3_5                              PWM
           000000B5  _T1                                PWM
           000000B6  _P3_6                              PWM
           000000B6  _WR                                PWM
           000000B7  _P3_7                              PWM
           000000B7  _RD                                PWM
           000000B8  _IP                                PWM
           000000B8  _PX0                               PWM
           000000B9  _PT0                               PWM
           000000BA  _PX1                               PWM
           000000BB  _PT1                               PWM
           000000BC  _PS                                PWM
           000000D0  _P                                 PWM
           000000D0  _PSW                               PWM
           000000D1  _F1                                PWM
           000000D2  _OV                                PWM
           000000D3  _RS0                               PWM
           000000D4  _RS1                               PWM
           000000D5  _F0                                PWM
           000000D6  _AC                                PWM
           000000D7  _CY                                PWM
           000000E0  _ACC                               PWM
           000000F0  _B                                 PWM

ASxxxx Linker V02.00 + NoICE + sdld,  page 6.
Hexadecimal  [32-Bits]

Area                                    Addr        Size        Decimal Bytes (Attributes)
--------------------------------        ----        ----        ------- ----- ------------
BSEG_BYTES                          00000020    00000001 =           1. bytes (REL,CON)

      Value  Global                              Global Defined In Module
      -----  --------------------------------   ------------------------
ASxxxx Linker V02.00 + NoICE + sdld,  page 7.
Hexadecimal  [32-Bits]

Area                                    Addr        Size        Decimal Bytes (Attributes)
--------------------------------        ----        ----        ------- ----- ------------
REG_BANK_0                          00000000    00000008 =           8. bytes (REL,OVR)

      Value  Global                              Global Defined In Module
      -----  --------------------------------   ------------------------
ASxxxx Linker V02.00 + NoICE + sdld,  page 8.
Hexadecimal  [32-Bits]

Area                                    Addr        Size        Decimal Bytes (Attributes)
--------------------------------        ----        ----        ------- ----- ------------
REG_BANK_1                          00000008    00000008 =           8. bytes (REL,OVR)

      Value  Global                              Global Defined In Module
      -----  --------------------------------   ------------------------
ASxxxx Linker V02.00 + NoICE + sdld,  page 9.
Hexadecimal  [32-Bits]

Area                                    Addr        Size        Decimal Bytes (Attributes)
--------------------------------        ----        ----        ------- ----- ------------
BSEG                                00000000    00000001 =           1. bytes (REL,CON,BIT)

      Value  Global                              Global Defined In Module
      -----  --------------------------------   ------------------------
     0B:   00000000  _ack                               PWM

ASxxxx Linker V02.00 + NoICE + sdld,  page 10.
Hexadecimal  [32-Bits]

Area                                    Addr        Size        Decimal Bytes (Attributes)
--------------------------------        ----        ----        ------- ----- ------------
BIT_BANK                            00000021    00000001 =           1. bytes (REL,OVR)

      Value  Global                              Global Defined In Module
      -----  --------------------------------   ------------------------
ASxxxx Linker V02.00 + NoICE + sdld,  page 11.
Hexadecimal  [32-Bits]

Area                                    Addr        Size        Decimal Bytes (Attributes)
--------------------------------        ----        ----        ------- ----- ------------
DSEG                                00000000    00000070 =         112. bytes (REL,CON)

      Value  Global                              Global Defined In Module
      -----  --------------------------------   ------------------------
           00000022  _timer1                            PWM
           00000023  _duty                              PWM
           00000024  _switching                         PWM
           00000025  _timer2                            PWM
           00000026  _timer2_goal                       PWM
           00000027  _timer2_4switch                    PWM
           00000028  _sending_data                      PWM
           00000029  _buffer_pointer                    PWM
           0000002A  _ReData                            PWM
           0000002B  _SenData                           PWM
           0000002C  _I2C_mode_codes                    PWM
           00000030  _current_mode                      PWM
           00000031  _duty4modes                        PWM
           00000035  _time_out232                       PWM
           00000037  _received232                       PWM
           00000038  _have232connected                  PWM

ASxxxx Linker V02.00 + NoICE + sdld,  page 12.
Hexadecimal  [32-Bits]

Area                                    Addr        Size        Decimal Bytes (Attributes)
--------------------------------        ----        ----        ------- ----- ------------
SSEG                                00000039    000000C7 =         199. bytes (REL,OVR)

      Value  Global                              Global Defined In Module
      -----  --------------------------------   ------------------------
           00000039  __start__stack                     PWM

ASxxxx Linker V02.00 + NoICE + sdld,  page 13.
Hexadecimal  [32-Bits]

Area                                    Addr        Size        Decimal Bytes (Attributes)
--------------------------------        ----        ----        ------- ----- ------------
HOME                                00000000    0000002B =          43. bytes (REL,CON,CODE)

      Value  Global                              Global Defined In Module
      -----  --------------------------------   ------------------------
     0C:   00000026  __sdcc_program_startup             PWM

ASxxxx Linker V02.00 + NoICE + sdld,  page 14.
Hexadecimal  [32-Bits]

Area                                    Addr        Size        Decimal Bytes (Attributes)
--------------------------------        ----        ----        ------- ----- ------------
GSINIT0                             0000002B    00000003 =           3. bytes (REL,CON,CODE)

      Value  Global                              Global Defined In Module
      -----  --------------------------------   ------------------------
     0C:   0000002B  __sdcc_gsinit_startup              

ASxxxx Linker V02.00 + NoICE + sdld,  page 15.
Hexadecimal  [32-Bits]

Area                                    Addr        Size        Decimal Bytes (Attributes)
--------------------------------        ----        ----        ------- ----- ------------
GSINIT2                             0000002E    0000000A =          10. bytes (REL,CON,CODE)

      Value  Global                              Global Defined In Module
      -----  --------------------------------   ------------------------
ASxxxx Linker V02.00 + NoICE + sdld,  page 16.
Hexadecimal  [32-Bits]

Area                                    Addr        Size        Decimal Bytes (Attributes)
--------------------------------        ----        ----        ------- ----- ------------
GSINIT3                             00000038    00000022 =          34. bytes (REL,CON,CODE)

      Value  Global                              Global Defined In Module
      -----  --------------------------------   ------------------------
     0C:   00000038  __mcs51_genXINIT                   

ASxxxx Linker V02.00 + NoICE + sdld,  page 17.
Hexadecimal  [32-Bits]

Area                                    Addr        Size        Decimal Bytes (Attributes)
--------------------------------        ----        ----        ------- ----- ------------
GSINIT4                             0000005A    0000002A =          42. bytes (REL,CON,CODE)

      Value  Global                              Global Defined In Module
      -----  --------------------------------   ------------------------
     0C:   0000005A  __mcs51_genRAMCLEAR                
     0C:   00000060  __mcs51_genXRAMCLEAR               

ASxxxx Linker V02.00 + NoICE + sdld,  page 18.
Hexadecimal  [32-Bits]

Area                                    Addr        Size        Decimal Bytes (Attributes)
--------------------------------        ----        ----        ------- ----- ------------
GSINIT                              00000084    00000027 =          39. bytes (REL,CON,CODE)

      Value  Global                              Global Defined In Module
      -----  --------------------------------   ------------------------
ASxxxx Linker V02.00 + NoICE + sdld,  page 19.
Hexadecimal  [32-Bits]

Area                                    Addr        Size        Decimal Bytes (Attributes)
--------------------------------        ----        ----        ------- ----- ------------
GSFINAL                             000000AB    00000003 =           3. bytes (REL,CON,CODE)

      Value  Global                              Global Defined In Module
      -----  --------------------------------   ------------------------
ASxxxx Linker V02.00 + NoICE + sdld,  page 20.
Hexadecimal  [32-Bits]

Area                                    Addr        Size        Decimal Bytes (Attributes)
--------------------------------        ----        ----        ------- ----- ------------
CSEG                                000000AE    00000257 =         599. bytes (REL,CON,CODE)

      Value  Global                              Global Defined In Module
      -----  --------------------------------   ------------------------
     0C:   000000AE  _Delay1us                          PWM
     0C:   000000BB  _Start_I2c                         PWM
     0C:   000000DB  _Stop_I2c                          PWM
     0C:   000000F3  _SendByte                          PWM
     0C:   0000015B  _ISendStr                          PWM
     0C:   00000174  _system_Ini                        PWM
     0C:   000001A0  _rs232init                         PWM
     0C:   000001C5  _send232                           PWM
     0C:   000001D2  _buffer_send                       PWM
     0C:   000001F5  _switch2mode                       PWM
     0C:   00000217  _main                              PWM
     0C:   00000289  _T1zd                              PWM
     0C:   000002A9  _ser_int                           PWM
     0C:   00000301  __sdcc_external_startup            _startup

ASxxxx Linker V02.00 + NoICE + sdld,  page 21.

Files Linked                              [ module(s) ]

PWM.rel                                   [  ]


Libraries Linked                          [ object file ]

/usr/bin/../share/sdcc/lib/small/mcs51.lib
                                          [ crtclear.rel ]
/usr/bin/../share/sdcc/lib/small/mcs51.lib
                                          [ crtxinit.rel ]
/usr/bin/../share/sdcc/lib/small/mcs51.lib
                                          [ crtxclear.rel ]
/usr/bin/../share/sdcc/lib/small/mcs51.lib
                                          [ crtpagesfr.rel ]
/usr/bin/../share/sdcc/lib/small/mcs51.lib
                                          [ crtstart.rel ]
/usr/bin/../share/sdcc/lib/small/libsdcc.lib
                                          [ _startup.rel ]

ASxxxx Linker V02.00 + NoICE + sdld,  page 22.

User Base Address Definitions

HOME = 0x0000
ISEG = 0x0000
BSEG = 0x0000

