ASxxxx Linker V02.00 + NoICE + sdld,  page 1.
Hexadecimal  [32-Bits]

Area                                    Addr        Size        Decimal Bytes (Attributes)
--------------------------------        ----        ----        ------- ----- ------------
CABS                                00000000    00000000 =           0. bytes (ABS,CON,CODE)

      Value  Global                              Global Defined In Module
      -----  --------------------------------   ------------------------
     0C:   FFFFFF00  s_BSEG                          
     0C:   00000000  l_BSEG                          
     0C:   00000000  l_BSEG_BYTES                    
     0C:   00000000  l_CABS                          
     0C:   00000000  l_CONST                         
     0C:   00000000  l_GSINIT                        
     0C:   00000000  l_GSINIT1                       
     0C:   00000000  l_GSINIT5                       
     0C:   00000000  l_IABS                          
     0C:   00000000  l_ISEG                          
     0C:   00000000  l_OSEG                          
     0C:   00000000  l_PSEG                          
     0C:   00000000  l_REG_BANK_2                    
     0C:   00000000  l_REG_BANK_3                    
     0C:   00000000  l_RSEG                          
     0C:   00000000  l_RSEG0                         
     0C:   00000000  l_RSEG1                         
     0C:   00000000  l_XABS                          
     0C:   00000000  l_XINIT                         
     0C:   00000000  l_XISEG                         
     0C:   00000000  l_XSEG                          
     0C:   00000000  l__CODE                         
     0C:   00000000  s_BSEG_BYTES                    
     0C:   00000000  s_CABS                          
     0C:   00000000  s_DSEG                          
     0C:   00000000  s_HOME                          
     0C:   00000000  s_IABS                          
     0C:   00000000  s_ISEG                          
     0C:   00000000  s_PSEG                          
     0C:   00000000  s_REG_BANK_0                    
     0C:   00000000  s_RSEG                          
     0C:   00000000  s_RSEG0                         
     0C:   00000000  s_RSEG1                         
     0C:   00000000  s_XABS                          
     0C:   00000000  s_XISEG                         
     0C:   00000000  s_XSEG                          
     0C:   00000001  l_BIT_BANK                      
     0C:   00000003  l_GSFINAL                       
     0C:   00000003  l_GSINIT0                       
     0C:   00000008  l_REG_BANK_0                    
     0C:   00000008  l_REG_BANK_1                    
     0C:   00000008  s_REG_BANK_1                    
     0C:   0000000A  l_GSINIT2                       
     0C:   00000010  s_REG_BANK_2                    
     0C:   00000018  s_REG_BANK_3                    
     0C:   00000020  s_BIT_BANK                      
     0C:   00000020  s_OSEG                          
     0C:   00000020  s__CODE                         
     0C:   00000021  s_SSEG                          
     0C:   00000022  l_GSINIT3                       
ASxxxx Linker V02.00 + NoICE + sdld,  page 2.
Hexadecimal  [32-Bits]

Area                                    Addr        Size        Decimal Bytes (Attributes)
--------------------------------        ----        ----        ------- ----- ------------
CABS                                00000000    00000000 =           0. bytes (ABS,CON,CODE)

      Value  Global                              Global Defined In Module
      -----  --------------------------------   ------------------------
     0C:   0000002A  l_GSINIT4                       
     0C:   0000002B  l_HOME                          
     0C:   0000002B  s_GSINIT0                       
     0C:   0000002E  s_GSINIT1                       
     0C:   0000002E  s_GSINIT2                       
     0C:   00000038  s_GSINIT3                       
     0C:   0000005A  s_GSINIT4                       
     0C:   00000074  l_DSEG                          
     0C:   00000084  s_GSFINAL                       
     0C:   00000084  s_GSINIT                        
     0C:   00000084  s_GSINIT5                       
     0C:   00000087  s_CSEG                          
     0C:   000000A4  l_CSEG                          
     0C:   000000DF  l_SSEG                          
     0C:   00000100  l_IRAM                          
     0C:   0000012B  s_CONST                         
     0C:   0000012B  s_XINIT                         

ASxxxx Linker V02.00 + NoICE + sdld,  page 3.
Hexadecimal  [32-Bits]

Area                                    Addr        Size        Decimal Bytes (Attributes)
--------------------------------        ----        ----        ------- ----- ------------
.	.ABS.                             00000000    00000000 =           0. bytes (ABS,CON)

      Value  Global                              Global Defined In Module
      -----  --------------------------------   ------------------------
           00000000  .__.ABS.                           _startup
           00000080  _P0                                mcu
           00000080  _P0_0                              mcu
           00000081  _P0_1                              mcu
           00000081  _SP                                mcu
           00000082  _DPL                               mcu
           00000082  _P0_2                              mcu
           00000083  _DPH                               mcu
           00000083  _P0_3                              mcu
           00000084  _P0_4                              mcu
           00000085  _P0_5                              mcu
           00000086  _P0_6                              mcu
           00000087  _P0_7                              mcu
           00000087  _PCON                              mcu
           00000088  _IT0                               mcu
           00000088  _TCON                              mcu
           00000089  _IE0                               mcu
           00000089  _TMOD                              mcu
           0000008A  _IT1                               mcu
           0000008A  _TL0                               mcu
           0000008B  _IE1                               mcu
           0000008B  _TL1                               mcu
           0000008C  _TH0                               mcu
           0000008C  _TR0                               mcu
           0000008D  _TF0                               mcu
           0000008D  _TH1                               mcu
           0000008E  _TR1                               mcu
           0000008F  _TF1                               mcu
           00000090  _P1                                mcu
           00000090  _P1_0                              mcu
           00000091  _P1_1                              mcu
           00000092  _P1_2                              mcu
           00000093  _P1_3                              mcu
           00000094  _P1_4                              mcu
           00000095  _P1_5                              mcu
           00000096  _P1_6                              mcu
           00000097  _P1_7                              mcu
           00000098  _RI                                mcu
           00000098  _SCON                              mcu
           00000099  _SBUF                              mcu
           00000099  _TI                                mcu
           0000009A  _RB8                               mcu
           0000009B  _TB8                               mcu
           0000009C  _REN                               mcu
           0000009D  _SM2                               mcu
           0000009E  _SM1                               mcu
           0000009F  _SM0                               mcu
           000000A0  _P2                                mcu
           000000A0  _P2_0                              mcu
           000000A0  __XPAGE                            
ASxxxx Linker V02.00 + NoICE + sdld,  page 4.
Hexadecimal  [32-Bits]

Area                                    Addr        Size        Decimal Bytes (Attributes)
--------------------------------        ----        ----        ------- ----- ------------
.	.ABS.                             00000000    00000000 =           0. bytes (ABS,CON)

      Value  Global                              Global Defined In Module
      -----  --------------------------------   ------------------------
           000000A1  _P2_1                              mcu
           000000A2  _P2_2                              mcu
           000000A3  _P2_3                              mcu
           000000A4  _P2_4                              mcu
           000000A5  _P2_5                              mcu
           000000A6  _P2_6                              mcu
           000000A7  _P2_7                              mcu
           000000A8  _EX0                               mcu
           000000A8  _IE                                mcu
           000000A9  _ET0                               mcu
           000000AA  _EX1                               mcu
           000000AB  _ET1                               mcu
           000000AC  _ES                                mcu
           000000AF  _EA                                mcu
           000000B0  _P3                                mcu
           000000B0  _P3_0                              mcu
           000000B0  _RXD                               mcu
           000000B1  _P3_1                              mcu
           000000B1  _TXD                               mcu
           000000B2  _INT0                              mcu
           000000B2  _P3_2                              mcu
           000000B3  _INT1                              mcu
           000000B3  _P3_3                              mcu
           000000B4  _P3_4                              mcu
           000000B4  _T0                                mcu
           000000B5  _P3_5                              mcu
           000000B5  _T1                                mcu
           000000B6  _P3_6                              mcu
           000000B6  _WR                                mcu
           000000B7  _P3_7                              mcu
           000000B7  _RD                                mcu
           000000B8  _IP                                mcu
           000000B8  _PX0                               mcu
           000000B9  _PT0                               mcu
           000000BA  _PX1                               mcu
           000000BB  _PT1                               mcu
           000000BC  _PS                                mcu
           000000D0  _P                                 mcu
           000000D0  _PSW                               mcu
           000000D1  _F1                                mcu
           000000D2  _OV                                mcu
           000000D3  _RS0                               mcu
           000000D4  _RS1                               mcu
           000000D5  _F0                                mcu
           000000D6  _AC                                mcu
           000000D7  _CY                                mcu
           000000E0  _ACC                               mcu
           000000F0  _B                                 mcu

ASxxxx Linker V02.00 + NoICE + sdld,  page 5.
Hexadecimal  [32-Bits]

Area                                    Addr        Size        Decimal Bytes (Attributes)
--------------------------------        ----        ----        ------- ----- ------------
REG_BANK_0                          00000000    00000008 =           8. bytes (REL,OVR)

      Value  Global                              Global Defined In Module
      -----  --------------------------------   ------------------------
ASxxxx Linker V02.00 + NoICE + sdld,  page 6.
Hexadecimal  [32-Bits]

Area                                    Addr        Size        Decimal Bytes (Attributes)
--------------------------------        ----        ----        ------- ----- ------------
REG_BANK_1                          00000008    00000008 =           8. bytes (REL,OVR)

      Value  Global                              Global Defined In Module
      -----  --------------------------------   ------------------------
ASxxxx Linker V02.00 + NoICE + sdld,  page 7.
Hexadecimal  [32-Bits]

Area                                    Addr        Size        Decimal Bytes (Attributes)
--------------------------------        ----        ----        ------- ----- ------------
BIT_BANK                            00000020    00000001 =           1. bytes (REL,OVR)

      Value  Global                              Global Defined In Module
      -----  --------------------------------   ------------------------
ASxxxx Linker V02.00 + NoICE + sdld,  page 8.
Hexadecimal  [32-Bits]

Area                                    Addr        Size        Decimal Bytes (Attributes)
--------------------------------        ----        ----        ------- ----- ------------
DSEG                                00000000    00000074 =         116. bytes (REL,CON)

      Value  Global                              Global Defined In Module
      -----  --------------------------------   ------------------------
           00000010  _buffer_pointer                    mcu
           00000011  _ReData                            mcu
           00000012  _SenData                           mcu
           00000013  _sending_data                      mcu

ASxxxx Linker V02.00 + NoICE + sdld,  page 9.
Hexadecimal  [32-Bits]

Area                                    Addr        Size        Decimal Bytes (Attributes)
--------------------------------        ----        ----        ------- ----- ------------
SSEG                                00000021    000000DF =         223. bytes (REL,OVR)

      Value  Global                              Global Defined In Module
      -----  --------------------------------   ------------------------
           00000021  __start__stack                     mcu

ASxxxx Linker V02.00 + NoICE + sdld,  page 10.
Hexadecimal  [32-Bits]

Area                                    Addr        Size        Decimal Bytes (Attributes)
--------------------------------        ----        ----        ------- ----- ------------
HOME                                00000000    0000002B =          43. bytes (REL,CON,CODE)

      Value  Global                              Global Defined In Module
      -----  --------------------------------   ------------------------
     0C:   00000026  __sdcc_program_startup             mcu

ASxxxx Linker V02.00 + NoICE + sdld,  page 11.
Hexadecimal  [32-Bits]

Area                                    Addr        Size        Decimal Bytes (Attributes)
--------------------------------        ----        ----        ------- ----- ------------
GSINIT0                             0000002B    00000003 =           3. bytes (REL,CON,CODE)

      Value  Global                              Global Defined In Module
      -----  --------------------------------   ------------------------
     0C:   0000002B  __sdcc_gsinit_startup              

ASxxxx Linker V02.00 + NoICE + sdld,  page 12.
Hexadecimal  [32-Bits]

Area                                    Addr        Size        Decimal Bytes (Attributes)
--------------------------------        ----        ----        ------- ----- ------------
GSINIT2                             0000002E    0000000A =          10. bytes (REL,CON,CODE)

      Value  Global                              Global Defined In Module
      -----  --------------------------------   ------------------------
ASxxxx Linker V02.00 + NoICE + sdld,  page 13.
Hexadecimal  [32-Bits]

Area                                    Addr        Size        Decimal Bytes (Attributes)
--------------------------------        ----        ----        ------- ----- ------------
GSINIT3                             00000038    00000022 =          34. bytes (REL,CON,CODE)

      Value  Global                              Global Defined In Module
      -----  --------------------------------   ------------------------
     0C:   00000038  __mcs51_genXINIT                   

ASxxxx Linker V02.00 + NoICE + sdld,  page 14.
Hexadecimal  [32-Bits]

Area                                    Addr        Size        Decimal Bytes (Attributes)
--------------------------------        ----        ----        ------- ----- ------------
GSINIT4                             0000005A    0000002A =          42. bytes (REL,CON,CODE)

      Value  Global                              Global Defined In Module
      -----  --------------------------------   ------------------------
     0C:   0000005A  __mcs51_genRAMCLEAR                
     0C:   00000060  __mcs51_genXRAMCLEAR               

ASxxxx Linker V02.00 + NoICE + sdld,  page 15.
Hexadecimal  [32-Bits]

Area                                    Addr        Size        Decimal Bytes (Attributes)
--------------------------------        ----        ----        ------- ----- ------------
GSFINAL                             00000084    00000003 =           3. bytes (REL,CON,CODE)

      Value  Global                              Global Defined In Module
      -----  --------------------------------   ------------------------
ASxxxx Linker V02.00 + NoICE + sdld,  page 16.
Hexadecimal  [32-Bits]

Area                                    Addr        Size        Decimal Bytes (Attributes)
--------------------------------        ----        ----        ------- ----- ------------
CSEG                                00000087    000000A4 =         164. bytes (REL,CON,CODE)

      Value  Global                              Global Defined In Module
      -----  --------------------------------   ------------------------
     0C:   00000087  _rs232init                         mcu
     0C:   0000009F  _send232                           mcu
     0C:   000000AC  _buffer_send                       mcu
     0C:   000000CF  _main                              mcu
     0C:   000000D7  _ser_int                           mcu
     0C:   00000127  __sdcc_external_startup            _startup
ASxxxx Linker V02.00 + NoICE + sdld,  page 17.

Files Linked                              [ module(s) ]

mcu.rel                                   [  ]


Libraries Linked                          [ object file ]

/usr/bin/../share/sdcc/lib/small/mcs51.lib
                                          [ crtclear.rel ]
/usr/bin/../share/sdcc/lib/small/mcs51.lib
                                          [ crtxinit.rel ]
/usr/bin/../share/sdcc/lib/small/mcs51.lib
                                          [ crtxclear.rel ]
/usr/bin/../share/sdcc/lib/small/mcs51.lib
                                          [ crtpagesfr.rel ]
/usr/bin/../share/sdcc/lib/small/mcs51.lib
                                          [ crtstart.rel ]
/usr/bin/../share/sdcc/lib/small/libsdcc.lib
                                          [ _startup.rel ]

ASxxxx Linker V02.00 + NoICE + sdld,  page 18.

User Base Address Definitions

HOME = 0x0000
ISEG = 0x0000
BSEG = 0x0000

