C51 COMPILER V8.02   LEC_3                                                                 05/22/2011 20:33:14 PAGE 1   


C51 COMPILER V8.02, COMPILATION OF MODULE LEC_3
OBJECT MODULE PLACED IN LEC_3.OBJ
COMPILER INVOKED BY: C:\Keil\C51\BIN\C51.EXE LEC_3.C BROWSE DEBUG OBJECTEXTEND

line level    source

   1          /********************************************************************************
   2          ;                  二进制加法试验                                                                                               *
   3          ; p1口八个灯作二进制加法。理解二进值的计算                                      *
   4          ; 硬件连接：p1口8路指示灯                                                                                                               *
   5          ;                                                                                                                                                               *                   *
   6          *********************************************************************************/
   7          #include <reg52.h>
   8          void delay(unsigned int i);  //声明延时函数
   9          
  10          
  11          main()
  12          { 
  13   1        unsigned char Num = 0xff;
  14   1        while (1) 
  15   1        {P1  = Num;
  16   2         delay(1000);    //延时函数
  17   2         Num--;
  18   2         }
  19   1       
  20   1      }
  21          
  22          
  23          /*******延时函数*************/
  24          void delay(unsigned int i)
  25          {
  26   1          unsigned char j;
  27   1          for(i; i > 0; i--)
  28   1              for(j = 255; j > 0; j--);
  29   1      
  30   1      }
  31          
  32          
  33          


MODULE INFORMATION:   STATIC OVERLAYABLE
   CODE SIZE        =     38    ----
   CONSTANT SIZE    =   ----    ----
   XDATA SIZE       =   ----    ----
   PDATA SIZE       =   ----    ----
   DATA SIZE        =   ----       1
   IDATA SIZE       =   ----    ----
   BIT SIZE         =   ----    ----
END OF MODULE INFORMATION.


C51 COMPILATION COMPLETE.  0 WARNING(S),  0 ERROR(S)
