C51 COMPILER V8.02   SHUMAGUAN                                                             05/15/2011 22:22:54 PAGE 1   


C51 COMPILER V8.02, COMPILATION OF MODULE SHUMAGUAN
OBJECT MODULE PLACED IN shumaguan.OBJ
COMPILER INVOKED BY: C:\Keil\C51\BIN\C51.EXE shumaguan.c DEBUG OBJECTEXTEND

line level    source

   1          /*此程序可以实现，数码管显示1234的状态，用户可以自己根据前边的试验程序，自行编写按下某个按键时，数码管显示
             -某个数字*/
   2          #include <reg52.h>
   3          #define uchar unsigned char 
   4          sbit P2_0 = P2^0;
   5          sbit P2_1 = P2^1;
   6          sbit P2_2 = P2^2;
   7          sbit P2_3 = P2^3;
   8          sbit P2_4 = P2^4;
   9          sbit P2_5 = P2^5;
  10          sbit P2_6 = P2^6;
  11          sbit P2_7 = P2^7;
  12          
  13          uchar code table[]={0xc0,0xf9,0xa4,0xb0,0x99,0x92,0x82,0xf8,0x80,0x90,0x00};            //数码管
  14          
  15          uchar code table1[]={0xfc,0xf9,0xf3,0xe7,0xcf,0x9f,0x3f};                           //流水灯数码表
  16          
  17          uchar  buff[3]={0};
  18          
  19          void delay(uchar i)
  20          {
  21   1        uchar j,k; 
  22   1        for(j=i;j>0;j--)
  23   1          for(k=125;k>0;k--);
  24   1      }
  25          
  26          
  27          
  28          void display()
  29          { 
  30   1         P0=table[buff[0]];           //
  31   1         P2_0 = 0;
  32   1         delay(5);
  33   1         P2_0 = 1;
  34   1      
  35   1         P0=table[buff[0]];
  36   1         P2_1 = 0;
  37   1         delay(5);
  38   1         P2_1 = 1;
  39   1      
  40   1         P0=table[buff[0]];
  41   1         P2_2 = 0;
  42   1         delay(5);
  43   1         P2_2 = 1;
  44   1      
  45   1          P0=table[buff[0]];
  46   1         P2_3 = 0;
  47   1         delay(5);
  48   1         P2_3 = 1;
  49   1         
  50   1      }
  51          
  52          
  53          
  54          void KEY_SER()
C51 COMPILER V8.02   SHUMAGUAN                                                             05/15/2011 22:22:54 PAGE 2   

  55          {
  56   1        if(P2_4==0)
  57   1        {
  58   2           display();
  59   2           while(P2_4==0)   display();
  60   2           if(++buff[0]>=9)buff[0]=0;
  61   2         }
  62   1         if(P2_5==0)
  63   1        {
  64   2           display();
  65   2           while(P2_5==0)   display();
  66   2           if(++buff[0]>=9)buff[0]=0;
  67   2         }
  68   1         if(P2_6==0)
  69   1        {
  70   2           display();
  71   2           while(P2_6==0)   display();
  72   2           if(++buff[0]>=9)buff[0]=0;
  73   2         }
  74   1         if(P2_7==0)
  75   1        {
  76   2           display();
  77   2           while(P2_7==0)   display();
  78   2           if(++buff[0]>=9)buff[0]=0;
  79   2         }
  80   1      }
  81          
  82          /*演示主程序*/
  83          void main(void)
  84          {
  85   1          unsigned int  a=0;
  86   1              unsigned char b=0;
  87   1      
  88   1              P1=0x00;         //LED全亮
  89   1              buff[0]=10;  //全亮
  90   1      
  91   1          for(a=255;a>0;a--)
  92   1         {
  93   2           display();
  94   2         }
  95   1      
  96   1              buff[0]=0;  //全显示0；  
  97   1       while(1)
  98   1       {
  99   2       
 100   2         for(a=80;a>0;a--)
 101   2         {
 102   3           display();
 103   3               KEY_SER();
 104   3         }
 105   2         P1=table1[b];
 106   2         if(++b>=7)b=0;
 107   2       }                                       
 108   1      }


MODULE INFORMATION:   STATIC OVERLAYABLE
   CODE SIZE        =    237    ----
   CONSTANT SIZE    =     18    ----
   XDATA SIZE       =   ----    ----
   PDATA SIZE       =   ----    ----
   DATA SIZE        =      3    ----
C51 COMPILER V8.02   SHUMAGUAN                                                             05/15/2011 22:22:54 PAGE 3   

   IDATA SIZE       =   ----    ----
   BIT SIZE         =   ----    ----
END OF MODULE INFORMATION.


C51 COMPILATION COMPLETE.  0 WARNING(S),  0 ERROR(S)
